Archive member included to satisfy reference by file (symbol)

/home/prithik/.cache/arduino/sketches/61BF63421D1AED00C24CD66244203F90/../../cores/arduino_megaavr_uno2018_abeaacbe0da4a64b5c8513e81d1b2228/core.a(UART0.cpp.o)
                              /home/prithik/.cache/arduino/sketches/61BF63421D1AED00C24CD66244203F90/sketch/arduino.ino.cpp.o (symbol from plugin) (Serial)
/home/prithik/.cache/arduino/sketches/61BF63421D1AED00C24CD66244203F90/../../cores/arduino_megaavr_uno2018_abeaacbe0da4a64b5c8513e81d1b2228/core.a(Print.cpp.o)
                              /home/prithik/.cache/arduino/sketches/61BF63421D1AED00C24CD66244203F90/sketch/arduino.ino.cpp.o (symbol from plugin) (_ZN7arduino5Print5printEPKc)
/home/prithik/.cache/arduino/sketches/61BF63421D1AED00C24CD66244203F90/../../cores/arduino_megaavr_uno2018_abeaacbe0da4a64b5c8513e81d1b2228/core.a(main.cpp.o)
                              /home/prithik/.arduino15/packages/arduino/tools/avr-gcc/7.3.0-atmel3.6.1-arduino5/bin/../lib/gcc/avr/7.3.0/../../../../avr/lib/avrxmega3/crtatmega4809.o (main)
/home/prithik/.cache/arduino/sketches/61BF63421D1AED00C24CD66244203F90/../../cores/arduino_megaavr_uno2018_abeaacbe0da4a64b5c8513e81d1b2228/core.a(new.cpp.o)
                              /home/prithik/.cache/arduino/sketches/61BF63421D1AED00C24CD66244203F90/libraries/Arduino_LSM6DS3/LSM6DS3.cpp.o (symbol from plugin) (_ZdlPv)
/home/prithik/.cache/arduino/sketches/61BF63421D1AED00C24CD66244203F90/../../cores/arduino_megaavr_uno2018_abeaacbe0da4a64b5c8513e81d1b2228/core.a(wiring.c.o)
                              /home/prithik/.cache/arduino/sketches/61BF63421D1AED00C24CD66244203F90/libraries/Arduino_LSM6DS3/LSM6DS3.cpp.o (symbol from plugin) (F_CPU_CORRECTED)
/home/prithik/.cache/arduino/sketches/61BF63421D1AED00C24CD66244203F90/../../cores/arduino_megaavr_uno2018_abeaacbe0da4a64b5c8513e81d1b2228/core.a(wiring_analog.c.o)
                              wiring.c.o (symbol from plugin) (analogReference)
/home/prithik/.cache/arduino/sketches/61BF63421D1AED00C24CD66244203F90/../../cores/arduino_megaavr_uno2018_abeaacbe0da4a64b5c8513e81d1b2228/core.a(wiring_digital.c.o)
                              wiring_analog.c.o (symbol from plugin) (digital_pin_to_timer)
/home/prithik/.cache/arduino/sketches/61BF63421D1AED00C24CD66244203F90/../../cores/arduino_megaavr_uno2018_abeaacbe0da4a64b5c8513e81d1b2228/core.a(UART.cpp.o)
                              UART0.cpp.o (symbol from plugin) (_ZN9UartClass9availableEv)
/home/prithik/.cache/arduino/sketches/61BF63421D1AED00C24CD66244203F90/../../cores/arduino_megaavr_uno2018_abeaacbe0da4a64b5c8513e81d1b2228/core.a(abi.cpp.o)
                              Print.cpp.o (symbol from plugin) (__cxa_pure_virtual)
/home/prithik/.arduino15/packages/arduino/tools/avr-gcc/7.3.0-atmel3.6.1-arduino5/bin/../lib/gcc/avr/7.3.0/avrxmega3/libgcc.a(_exit.o)
                              /home/prithik/.arduino15/packages/arduino/tools/avr-gcc/7.3.0-atmel3.6.1-arduino5/bin/../lib/gcc/avr/7.3.0/../../../../avr/lib/avrxmega3/crtatmega4809.o (exit)
/home/prithik/.arduino15/packages/arduino/tools/avr-gcc/7.3.0-atmel3.6.1-arduino5/bin/../lib/gcc/avr/7.3.0/../../../../avr/lib/avrxmega3/libm.a(addsf3.o)
                              /tmp/ccsa2aaV.ltrans0.ltrans.o (__subsf3)
/home/prithik/.arduino15/packages/arduino/tools/avr-gcc/7.3.0-atmel3.6.1-arduino5/bin/../lib/gcc/avr/7.3.0/../../../../avr/lib/avrxmega3/libm.a(addsf3x.o)
                              /home/prithik/.arduino15/packages/arduino/tools/avr-gcc/7.3.0-atmel3.6.1-arduino5/bin/../lib/gcc/avr/7.3.0/../../../../avr/lib/avrxmega3/libm.a(addsf3.o) (__addsf3x)
/home/prithik/.arduino15/packages/arduino/tools/avr-gcc/7.3.0-atmel3.6.1-arduino5/bin/../lib/gcc/avr/7.3.0/../../../../avr/lib/avrxmega3/libm.a(atan2.o)
                              /tmp/ccsa2aaV.ltrans0.ltrans.o (atan2)
/home/prithik/.arduino15/packages/arduino/tools/avr-gcc/7.3.0-atmel3.6.1-arduino5/bin/../lib/gcc/avr/7.3.0/../../../../avr/lib/avrxmega3/libm.a(atan.o)
                              /home/prithik/.arduino15/packages/arduino/tools/avr-gcc/7.3.0-atmel3.6.1-arduino5/bin/../lib/gcc/avr/7.3.0/../../../../avr/lib/avrxmega3/libm.a(atan2.o) (atan)
/home/prithik/.arduino15/packages/arduino/tools/avr-gcc/7.3.0-atmel3.6.1-arduino5/bin/../lib/gcc/avr/7.3.0/../../../../avr/lib/avrxmega3/libm.a(cmpsf2.o)
                              /tmp/ccsa2aaV.ltrans0.ltrans.o (__ltsf2)
/home/prithik/.arduino15/packages/arduino/tools/avr-gcc/7.3.0-atmel3.6.1-arduino5/bin/../lib/gcc/avr/7.3.0/../../../../avr/lib/avrxmega3/libm.a(divsf3x.o)
                              /home/prithik/.arduino15/packages/arduino/tools/avr-gcc/7.3.0-atmel3.6.1-arduino5/bin/../lib/gcc/avr/7.3.0/../../../../avr/lib/avrxmega3/libm.a(atan2.o) (__divsf3_pse)
/home/prithik/.arduino15/packages/arduino/tools/avr-gcc/7.3.0-atmel3.6.1-arduino5/bin/../lib/gcc/avr/7.3.0/../../../../avr/lib/avrxmega3/libm.a(fixunssfsi.o)
[...]
Memory Configuration

Name             Origin             Length             Attributes
text             0x0000000000000000 0x0000000000100000 xr
data             0x0000000000802000 0x000000000000ffa0 rw !x
eeprom           0x0000000000810000 0x0000000000010000 rw !x
fuse             0x0000000000820000 0x0000000000000009 rw !x
lock             0x0000000000830000 0x0000000000000400 rw !x
signature        0x0000000000840000 0x0000000000000400 rw !x
user_signatures  0x0000000000850000 0x0000000000000400 rw !x
*default*        0x0000000000000000 0xffffffffffffffff

Linker script and memory map

Address of section .data set to 0x802800
                0x0000000000004000                __RODATA_PM_OFFSET__ = 0x4000
LOAD /home/prithik/.arduino15/packages/arduino/tools/avr-gcc/7.3.0-atmel3.6.1-arduino5/bin/../lib/gcc/avr/7.3.0/../../../../avr/lib/avrxmega3/crtatmega4809.o
Address of section .text set to 0x200
LOAD /home/prithik/.cache/arduino/sketches/61BF63421D1AED00C24CD66244203F90/sketch/arduino.ino.cpp.o
LOAD /tmp/ccsa2aaV.ltrans0.ltrans.o
LOAD /home/prithik/.cache/arduino/sketches/61BF63421D1AED00C24CD66244203F90/libraries/Arduino_LSM6DS3/LSM6DS3.cpp.o
LOAD /home/prithik/.cache/arduino/sketches/61BF63421D1AED00C24CD66244203F90/libraries/Wire/Wire.cpp.o
LOAD /home/prithik/.cache/arduino/sketches/61BF63421D1AED00C24CD66244203F90/libraries/Wire/utility/twi.c.o
LOAD /home/prithik/.cache/arduino/sketches/61BF63421D1AED00C24CD66244203F90/libraries/SPI/SPI.cpp.o
LOAD /home/prithik/.cache/arduino/sketches/61BF63421D1AED00C24CD66244203F90/core/variant.c.o
LOAD /home/prithik/.cache/arduino/sketches/61BF63421D1AED00C24CD66244203F90/../../cores/arduino_megaavr_uno2018_abeaacbe0da4a64b5c8513e81d1b2228/core.a
LOAD /home/prithik/.arduino15/packages/arduino/tools/avr-gcc/7.3.0-atmel3.6.1-arduino5/bin/../lib/gcc/avr/7.3.0/../../../../avr/lib/avrxmega3/libm.a
START GROUP
LOAD /home/prithik/.arduino15/packages/arduino/tools/avr-gcc/7.3.0-atmel3.6.1-arduino5/bin/../lib/gcc/avr/7.3.0/avrxmega3/libgcc.a
LOAD /home/prithik/.arduino15/packages/arduino/tools/avr-gcc/7.3.0-atmel3.6.1-arduino5/bin/../lib/gcc/avr/7.3.0/../../../../avr/lib/avrxmega3/libm.a
LOAD /home/prithik/.arduino15/packages/arduino/tools/avr-gcc/7.3.0-atmel3.6.1-arduino5/bin/../lib/gcc/avr/7.3.0/../../../../avr/lib/avrxmega3/libc.a
LOAD /home/prithik/.arduino15/packages/arduino/tools/avr-gcc/7.3.0-atmel3.6.1-arduino5/bin/../lib/gcc/avr/7.3.0/../../../../avr/lib/avrxmega3/libatmega4809.a
END GROUP
                0x0000000000100000                __TEXT_REGION_LENGTH__ = DEFINED (__TEXT_REGION_LENGTH__)?__TEXT_REGION_LENGTH__:0x100000
                0x000000000000ffa0                __DATA_REGION_LENGTH__ = DEFINED (__DATA_REGION_LENGTH__)?__DATA_REGION_LENGTH__:0xffa0
                0x0000000000010000                __EEPROM_REGION_LENGTH__ = DEFINED (__EEPROM_REGION_LENGTH__)?__EEPROM_REGION_LENGTH__:0x10000
                [0x0000000000000009]                __FUSE_REGION_LENGTH__ = DEFINED (__FUSE_REGION_LENGTH__)?__FUSE_REGION_LENGTH__:0x400
                0x0000000000000400                __LOCK_REGION_LENGTH__ = DEFINED (__LOCK_REGION_LENGTH__)?__LOCK_REGION_LENGTH__:0x400
                0x0000000000000400                __SIGNATURE_REGION_LENGTH__ = DEFINED (__SIGNATURE_REGION_LENGTH__)?__SIGNATURE_REGION_LENGTH__:0x400
                0x0000000000000400                __USER_SIGNATURE_REGION_LENGTH__ = DEFINED (__USER_SIGNATURE_REGION_LENGTH__)?__USER_SIGNATURE_REGION_LENGTH__:0x400
                0x0000000000008000                __RODATA_PM_OFFSET__ = DEFINED (__RODATA_PM_OFFSET__)?__RODATA_PM_OFFSET__:0x8000

.hash
 *(.hash)

.dynsym
 *(.dynsym)

.dynstr
 *(.dynstr)

.gnu.version
 *(.gnu.version)

.gnu.version_d
 *(.gnu.version_d)

.gnu.version_r
 *(.gnu.version_r)

.rel.init
 *(.rel.init)

.rela.init
 *(.rela.init)

.rel.text
 *(.rel.text)
 *(.rel.text.*)
 *(.rel.gnu.linkonce.t*)

.rela.text
 *(.rela.text)
 *(.rela.text.*)
 *(.rela.gnu.linkonce.t*)

.rel.fini
 *(.rel.fini)

.rela.fini
 *(.rela.fini)

.rel.rodata
 *(.rel.rodata)
 *(.rel.rodata.*)
 *(.rel.gnu.linkonce.r*)

.rela.rodata
 *(.rela.rodata)
 *(.rela.rodata.*)
 *(.rela.gnu.linkonce.r*)

.rel.data
 *(.rel.data)
 *(.rel.data.*)
 *(.rel.gnu.linkonce.d*)

.rela.data
 *(.rela.data)
 *(.rela.data.*)
 *(.rela.gnu.linkonce.d*)

.rel.ctors
 *(.rel.ctors)

.rela.ctors
 *(.rela.ctors)

.rel.dtors
 *(.rel.dtors)

.rela.dtors
 *(.rela.dtors)

.rel.got
 *(.rel.got)

.rela.got
 *(.rela.got)

.rel.bss
 *(.rel.bss)

.rela.bss
 *(.rela.bss)

.rel.plt
 *(.rel.plt)

.rela.plt
 *(.rela.plt)

.text           0x0000000000000200     0x2cf0
 *(.vectors)
 .vectors       0x0000000000000200       0xa0 /home/prithik/.arduino15/packages/arduino/tools/avr-gcc/7.3.0-atmel3.6.1-arduino5/bin/../lib/gcc/avr/7.3.0/../../../../avr/lib/avrxmega3/crtatmega4809.o
                0x0000000000000200                __vectors
                0x0000000000000200                __vector_default
 *(.vectors)
 *(.progmem.gcc*)
 .progmem.gcc_fplib
                0x00000000000002a0       0x2d /home/prithik/.arduino15/packages/arduino/tools/avr-gcc/7.3.0-atmel3.6.1-arduino5/bin/../lib/gcc/avr/7.3.0/../../../../avr/lib/avrxmega3/libm.a(atan.o)
                0x00000000000002ce                . = ALIGN (0x2)
 *fill*         0x00000000000002cd        0x1 
                0x00000000000002ce                __trampolines_start = .
 *(.trampolines)
 .trampolines   0x00000000000002ce        0x0 linker stubs
 *(.trampolines*)
                0x00000000000002ce                __trampolines_end = .
 *libprintf_flt.a:*(.progmem.data)
 *libc.a:*(.progmem.data)
 *(.progmem*)
                0x00000000000002ce                . = ALIGN (0x2)
 *(.jumptables)
 *(.jumptables*)
 *(.lowtext)
 *(.lowtext*)
                0x00000000000002ce                __ctors_start = .
 *(.ctors)
 .ctors         0x00000000000002ce        0x2 /tmp/ccsa2aaV.ltrans0.ltrans.o
                0x00000000000002d0                __ctors_end = .
                0x00000000000002d0                __dtors_start = .
 *(.dtors)
                0x00000000000002d0                __dtors_end = .
 SORT(*)(.ctors)
 SORT(*)(.dtors)
 *(.init0)
 .init0         0x00000000000002d0        0x0 /home/prithik/.arduino15/packages/arduino/tools/avr-gcc/7.3.0-atmel3.6.1-arduino5/bin/../lib/gcc/avr/7.3.0/../../../../avr/lib/avrxmega3/crtatmega4809.o
                0x00000000000002d0                __init
 *(.init0)
 *(.init1)
 *(.init1)
 *(.init2)
 .init2         0x00000000000002d0        0xc /home/prithik/.arduino15/packages/arduino/tools/avr-gcc/7.3.0-atmel3.6.1-arduino5/bin/../lib/gcc/avr/7.3.0/../../../../avr/lib/avrxmega3/crtatmega4809.o
 *(.init2)
 *(.init3)
 *(.init3)
 *(.init4)
 .init4         0x00000000000002dc       0x16 /home/prithik/.arduino15/packages/arduino/tools/avr-gcc/7.3.0-atmel3.6.1-arduino5/bin/../lib/gcc/avr/7.3.0/avrxmega3/libgcc.a(_copy_data.o)
                0x00000000000002dc                __do_copy_data
 .init4         0x00000000000002f2       0x10 /home/prithik/.arduino15/packages/arduino/tools/avr-gcc/7.3.0-atmel3.6.1-arduino5/bin/../lib/gcc/avr/7.3.0/avrxmega3/libgcc.a(_clear_bss.o)
                0x00000000000002f2                __do_clear_bss
 *(.init4)
 *(.init5)
 *(.init5)
 *(.init6)
 .init6         0x0000000000000302       0x16 /home/prithik/.arduino15/packages/arduino/tools/avr-gcc/7.3.0-atmel3.6.1-arduino5/bin/../lib/gcc/avr/7.3.0/avrxmega3/libgcc.a(_ctors.o)
                0x0000000000000302                __do_global_ctors
 *(.init6)
 *(.init7)
 *(.init7)
 *(.init8)
 *(.init8)
 *(.init9)
 .init9         0x0000000000000318        0x8 /home/prithik/.arduino15/packages/arduino/tools/avr-gcc/7.3.0-atmel3.6.1-arduino5/bin/../lib/gcc/avr/7.3.0/../../../../avr/lib/avrxmega3/crtatmega4809.o
 *(.init9)
 *(.text)
 .text          0x0000000000000320        0x4 /home/prithik/.arduino15/packages/arduino/tools/avr-gcc/7.3.0-atmel3.6.1-arduino5/bin/../lib/gcc/avr/7.3.0/../../../../avr/lib/avrxmega3/crtatmega4809.o
                0x0000000000000320                __vector_22
                0x0000000000000320                __vector_28
                0x0000000000000320                __vector_1
                0x0000000000000320                __vector_32
                0x0000000000000320                __vector_34
                0x0000000000000320                __vector_24
                0x0000000000000320                __vector_12
                0x0000000000000320                __bad_interrupt
                0x0000000000000320                __vector_6
                0x0000000000000320                __vector_31
                0x0000000000000320                __vector_35
                0x0000000000000320                __vector_39
                0x0000000000000320                __vector_3
                0x0000000000000320                __vector_23
                0x0000000000000320                __vector_30
                0x0000000000000320                __vector_25
                0x0000000000000320                __vector_11
                0x0000000000000320                __vector_13
                0x0000000000000320                __vector_17
                0x0000000000000320                __vector_19
                0x0000000000000320                __vector_7
                0x0000000000000320                __vector_27
                0x0000000000000320                __vector_5
                0x0000000000000320                __vector_33
                0x0000000000000320                __vector_4
                0x0000000000000320                __vector_9
                0x0000000000000320                __vector_2
                0x0000000000000320                __vector_21
                0x0000000000000320                __vector_29
                0x0000000000000320                __vector_8
                0x0000000000000320                __vector_26
                0x0000000000000320                __vector_10
                0x0000000000000320                __vector_16
                0x0000000000000320                __vector_18
                0x0000000000000320                __vector_20
 .text          0x0000000000000324     0x1c74 /tmp/ccsa2aaV.ltrans0.ltrans.o
                0x0000000000001b10                __vector_36
                0x0000000000001bd8                __vector_38
                0x0000000000001c24                __vector_37
                0x0000000000001cb6                __vector_14
                0x0000000000001e18                __vector_15
                0x0000000000001f98                . = ALIGN (0x2)
 *(.text.*)
 .text.startup  0x0000000000001f98      0x546 /tmp/ccsa2aaV.ltrans0.ltrans.o
                0x000000000000207e                main
 .text.avr-libc.fplib
                0x00000000000024de        0xe /home/prithik/.arduino15/packages/arduino/tools/avr-gcc/7.3.0-atmel3.6.1-arduino5/bin/../lib/gcc/avr/7.3.0/../../../../avr/lib/avrxmega3/libm.a(addsf3.o)
                0x00000000000024de                __subsf3
                0x00000000000024e0                __addsf3
 .text.avr-libc.fplib
                0x00000000000024ec       0xcc /home/prithik/.arduino15/packages/arduino/tools/avr-gcc/7.3.0-atmel3.6.1-arduino5/bin/../lib/gcc/avr/7.3.0/../../../../avr/lib/avrxmega3/libm.a(addsf3x.o)
                0x000000000000250e                __addsf3x
 .text.avr-libc.fplib
                0x00000000000025b8       0x86 /home/prithik/.arduino15/packages/arduino/tools/avr-gcc/7.3.0-atmel3.6.1-arduino5/bin/../lib/gcc/avr/7.3.0/../../../../avr/lib/avrxmega3/libm.a(atan2.o)
                0x00000000000025de                atan2
 .text.avr-libc.fplib
                0x000000000000263e       0x5e /home/prithik/.arduino15/packages/arduino/tools/avr-gcc/7.3.0-atmel3.6.1-arduino5/bin/../lib/gcc/avr/7.3.0/../../../../avr/lib/avrxmega3/libm.a(atan.o)
                0x000000000000263e                atan
 .text.avr-libc.fplib
                0x000000000000269c        0xa /home/prithik/.arduino15/packages/arduino/tools/avr-gcc/7.3.0-atmel3.6.1-arduino5/bin/../lib/gcc/avr/7.3.0/../../../../avr/lib/avrxmega3/libm.a(cmpsf2.o)
                0x000000000000269c                __lesf2
                0x000000000000269c                __nesf2
                0x000000000000269c                __eqsf2
                0x000000000000269c                __cmpsf2
                0x000000000000269c                __ltsf2
 .text.avr-libc.fplib
                0x00000000000026a6       0xdc /home/prithik/.arduino15/packages/arduino/tools/avr-gcc/7.3.0-atmel3.6.1-arduino5/bin/../lib/gcc/avr/7.3.0/../../../../avr/lib/avrxmega3/libm.a(divsf3x.o)
                0x00000000000026c6                __divsf3x
                0x00000000000026cc                __divsf3_pse
 .text.avr-libc.fplib
                0x0000000000002782       0x5e /home/prithik/.arduino15/packages/arduino/tools/avr-gcc/7.3.0-atmel3.6.1-arduino5/bin/../lib/gcc/avr/7.3.0/../../../../avr/lib/avrxmega3/libm.a(fixunssfsi.o)
                0x0000000000002782                __fixunssfsi
 .text.avr-libc.fplib
                0x00000000000027e0       0x7a /home/prithik/.arduino15/packages/arduino/tools/avr-gcc/7.3.0-atmel3.6.1-arduino5/bin/../lib/gcc/avr/7.3.0/../../../../avr/lib/avrxmega3/libm.a(floatsisf.o)
                0x00000000000027e0                __floatunsisf
                0x00000000000027e4                __floatsisf
 .text.avr-libc.fplib
                0x000000000000285a       0x48 /home/prithik/.arduino15/packages/arduino/tools/avr-gcc/7.3.0-atmel3.6.1-arduino5/bin/../lib/gcc/avr/7.3.0/../../../../avr/lib/avrxmega3/libm.a(fp_cmp.o)
                0x000000000000285a                __fp_cmp
 .text.avr-libc.fplib
                0x00000000000028a2        0xc /home/prithik/.arduino15/packages/arduino/tools/avr-gcc/7.3.0-atmel3.6.1-arduino5/bin/../lib/gcc/avr/7.3.0/../../../../avr/lib/avrxmega3/libm.a(fp_inf.o)
                0x00000000000028a2                __fp_inf
 .text.avr-libc.fplib
                0x00000000000028ae        0x6 /home/prithik/.arduino15/packages/arduino/tools/avr-gcc/7.3.0-atmel3.6.1-arduino5/bin/../lib/gcc/avr/7.3.0/../../../../avr/lib/avrxmega3/libm.a(fp_nan.o)
                0x00000000000028ae                __fp_nan
 .text.avr-libc.fplib
                0x00000000000028b4       0x4e /home/prithik/.arduino15/packages/arduino/tools/avr-gcc/7.3.0-atmel3.6.1-arduino5/bin/../lib/gcc/avr/7.3.0/../../../../avr/lib/avrxmega3/libm.a(fp_powser.o)
                0x00000000000028b4                __fp_powser
 .text.avr-libc.fplib
                0x0000000000002902        0xe /home/prithik/.arduino15/packages/arduino/tools/avr-gcc/7.3.0-atmel3.6.1-arduino5/bin/../lib/gcc/avr/7.3.0/../../../../avr/lib/avrxmega3/libm.a(fp_pscA.o)
                0x0000000000002902                __fp_pscA
 .text.avr-libc.fplib
                0x0000000000002910        0xe /home/prithik/.arduino15/packages/arduino/tools/avr-gcc/7.3.0-atmel3.6.1-arduino5/bin/../lib/gcc/avr/7.3.0/../../../../avr/lib/avrxmega3/libm.a(fp_pscB.o)
                0x0000000000002910                __fp_pscB
 .text.avr-libc.fplib
                0x000000000000291e       0x22 /home/prithik/.arduino15/packages/arduino/tools/avr-gcc/7.3.0-atmel3.6.1-arduino5/bin/../lib/gcc/avr/7.3.0/../../../../avr/lib/avrxmega3/libm.a(fp_round.o)
                0x000000000000291e                __fp_round
 .text.avr-libc.fplib
                0x0000000000002940       0x44 /home/prithik/.arduino15/packages/arduino/tools/avr-gcc/7.3.0-atmel3.6.1-arduino5/bin/../lib/gcc/avr/7.3.0/../../../../avr/lib/avrxmega3/libm.a(fp_split3.o)
                0x0000000000002940                __fp_split3
                0x0000000000002950                __fp_splitA
 .text.avr-libc.fplib
                0x0000000000002984        0xe /home/prithik/.arduino15/packages/arduino/tools/avr-gcc/7.3.0-atmel3.6.1-arduino5/bin/../lib/gcc/avr/7.3.0/../../../../avr/lib/avrxmega3/libm.a(fp_zero.o)
                0x0000000000002984                __fp_zero
                0x0000000000002986                __fp_szero
 .text.avr-libc.fplib
                0x0000000000002992        0xa /home/prithik/.arduino15/packages/arduino/tools/avr-gcc/7.3.0-atmel3.6.1-arduino5/bin/../lib/gcc/avr/7.3.0/../../../../avr/lib/avrxmega3/libm.a(gesf2.o)
                0x0000000000002992                __gtsf2
                0x0000000000002992                __gesf2
 .text.avr-libc.fplib
                0x000000000000299c       0x10 /home/prithik/.arduino15/packages/arduino/tools/avr-gcc/7.3.0-atmel3.6.1-arduino5/bin/../lib/gcc/avr/7.3.0/../../../../avr/lib/avrxmega3/libm.a(inverse.o)
                0x000000000000299c                inverse
 .text.avr-libc.fplib
                0x00000000000029ac        0x8 /home/prithik/.arduino15/packages/arduino/tools/avr-gcc/7.3.0-atmel3.6.1-arduino5/bin/../lib/gcc/avr/7.3.0/../../../../avr/lib/avrxmega3/libm.a(mulsf3.o)
                0x00000000000029ac                __mulsf3
 .text.avr-libc.fplib
                0x00000000000029b4       0xd2 /home/prithik/.arduino15/packages/arduino/tools/avr-gcc/7.3.0-atmel3.6.1-arduino5/bin/../lib/gcc/avr/7.3.0/../../../../avr/lib/avrxmega3/libm.a(mulsf3x.o)
                0x00000000000029d2                __mulsf3x
                0x00000000000029d8                __mulsf3_pse
 .text.avr-libc.fplib
                0x0000000000002a86       0x8c /home/prithik/.arduino15/packages/arduino/tools/avr-gcc/7.3.0-atmel3.6.1-arduino5/bin/../lib/gcc/avr/7.3.0/../../../../avr/lib/avrxmega3/libm.a(sqrt.o)
                0x0000000000002a92                sqrt
                0x0000000000002a92                sqrtf
 .text.avr-libc.fplib
                0x0000000000002b12        0x8 /home/prithik/.arduino15/packages/arduino/tools/avr-gcc/7.3.0-atmel3.6.1-arduino5/bin/../lib/gcc/avr/7.3.0/../../../../avr/lib/avrxmega3/libm.a(square.o)
                0x0000000000002b12                square
 .text.avr-libc.fplib
                0x0000000000002b1a        0xa /home/prithik/.arduino15/packages/arduino/tools/avr-gcc/7.3.0-atmel3.6.1-arduino5/bin/../lib/gcc/avr/7.3.0/../../../../avr/lib/avrxmega3/libm.a(unordsf2.o)
                0x0000000000002b1a                __unordsf2
 .text.avr-libc.fplib
                0x0000000000002b24        0x8 /home/prithik/.arduino15/packages/arduino/tools/avr-gcc/7.3.0-atmel3.6.1-arduino5/bin/../lib/gcc/avr/7.3.0/../../../../avr/lib/avrxmega3/libm.a(divsf3.o)
                0x0000000000002b24                __divsf3
 .text.avr-libc.fplib
                0x0000000000002b2c       0x1c /home/prithik/.arduino15/packages/arduino/tools/avr-gcc/7.3.0-atmel3.6.1-arduino5/bin/../lib/gcc/avr/7.3.0/../../../../avr/lib/avrxmega3/libm.a(fp_mpack.o)
                0x0000000000002b2c                __fp_mpack
                0x0000000000002b30                __fp_mpack_finite
 .text.avr-libc.fplib
                0x0000000000002b48        0xe /home/prithik/.arduino15/packages/arduino/tools/avr-gcc/7.3.0-atmel3.6.1-arduino5/bin/../lib/gcc/avr/7.3.0/../../../../avr/lib/avrxmega3/libm.a(fp_norm2.o)
                0x0000000000002b48                __fp_norm2
 .text.libgcc.div
                0x0000000000002b56       0x28 /home/prithik/.arduino15/packages/arduino/tools/avr-gcc/7.3.0-atmel3.6.1-arduino5/bin/../lib/gcc/avr/7.3.0/avrxmega3/libgcc.a(_udivmodhi4.o)
                0x0000000000002b56                __udivmodhi4
 .text.libgcc.div
                0x0000000000002b7e       0x44 /home/prithik/.arduino15/packages/arduino/tools/avr-gcc/7.3.0-atmel3.6.1-arduino5/bin/../lib/gcc/avr/7.3.0/avrxmega3/libgcc.a(_udivmodsi4.o)
                0x0000000000002b7e                __udivmodsi4
 .text.libgcc.div
                0x0000000000002bc2       0x2e /home/prithik/.arduino15/packages/arduino/tools/avr-gcc/7.3.0-atmel3.6.1-arduino5/bin/../lib/gcc/avr/7.3.0/avrxmega3/libgcc.a(_divmodsi4.o)
                0x0000000000002bc2                __divmodsi4
 .text.libgcc.div
                0x0000000000002bf0       0x10 /home/prithik/.arduino15/packages/arduino/tools/avr-gcc/7.3.0-atmel3.6.1-arduino5/bin/../lib/gcc/avr/7.3.0/avrxmega3/libgcc.a(_negsi2.o)
                0x0000000000002bf0                __negsi2
 .text.libgcc.mul
                0x0000000000002c00       0x16 /home/prithik/.arduino15/packages/arduino/tools/avr-gcc/7.3.0-atmel3.6.1-arduino5/bin/../lib/gcc/avr/7.3.0/avrxmega3/libgcc.a(_muluhisi3.o)
                0x0000000000002c00                __muluhisi3
 .text.libgcc.mul
                0x0000000000002c16       0x10 /home/prithik/.arduino15/packages/arduino/tools/avr-gcc/7.3.0-atmel3.6.1-arduino5/bin/../lib/gcc/avr/7.3.0/avrxmega3/libgcc.a(_mulshisi3.o)
                0x0000000000002c16                __mulshisi3
                0x0000000000002c1c                __mulohisi3
 .text.libgcc.builtins
                0x0000000000002c26       0x3a /home/prithik/.arduino15/packages/arduino/tools/avr-gcc/7.3.0-atmel3.6.1-arduino5/bin/../lib/gcc/avr/7.3.0/avrxmega3/libgcc.a(_ashrdi3.o)
                0x0000000000002c26                __ashrdi3
                0x0000000000002c2a                __lshrdi3
 .text.libgcc   0x0000000000002c60       0x18 /home/prithik/.arduino15/packages/arduino/tools/avr-gcc/7.3.0-atmel3.6.1-arduino5/bin/../lib/gcc/avr/7.3.0/avrxmega3/libgcc.a(_cmpdi2_s8.o)
                0x0000000000002c60                __cmpdi2_s8
 .text.libgcc   0x0000000000002c78        0xc /home/prithik/.arduino15/packages/arduino/tools/avr-gcc/7.3.0-atmel3.6.1-arduino5/bin/../lib/gcc/avr/7.3.0/avrxmega3/libgcc.a(_tablejump2.o)
                0x0000000000002c78                __tablejump2__
 .text.libgcc.mul
                0x0000000000002c84       0x1e /home/prithik/.arduino15/packages/arduino/tools/avr-gcc/7.3.0-atmel3.6.1-arduino5/bin/../lib/gcc/avr/7.3.0/avrxmega3/libgcc.a(_umulhisi3.o)
                0x0000000000002c84                __umulhisi3
 .text.avr-libc
                0x0000000000002ca2      0x24a /home/prithik/.arduino15/packages/arduino/tools/avr-gcc/7.3.0-atmel3.6.1-arduino5/bin/../lib/gcc/avr/7.3.0/../../../../avr/lib/avrxmega3/libc.a(malloc.o)
                0x0000000000002ca2                malloc
                0x0000000000002dda                free
                0x0000000000002eec                . = ALIGN (0x2)
 *(.fini9)
 .fini9         0x0000000000002eec        0x0 /home/prithik/.arduino15/packages/arduino/tools/avr-gcc/7.3.0-atmel3.6.1-arduino5/bin/../lib/gcc/avr/7.3.0/avrxmega3/libgcc.a(_exit.o)
                0x0000000000002eec                exit
                0x0000000000002eec                _exit
 *(.fini9)
 *(.fini8)
 *(.fini8)
 *(.fini7)
 *(.fini7)
 *(.fini6)
 *(.fini6)
 *(.fini5)
 *(.fini5)
 *(.fini4)
 *(.fini4)
 *(.fini3)
 *(.fini3)
 *(.fini2)
 *(.fini2)
 *(.fini1)
 *(.fini1)
 *(.fini0)
 .fini0         0x0000000000002eec        0x4 /home/prithik/.arduino15/packages/arduino/tools/avr-gcc/7.3.0-atmel3.6.1-arduino5/bin/../lib/gcc/avr/7.3.0/avrxmega3/libgcc.a(_exit.o)
 *(.fini0)
                0x0000000000002ef0                _etext = .

.rodata         0x0000000000006ef0      0x142 load address 0x0000000000002ef0
 *(.rodata)
 .rodata        0x0000000000006ef0       0xf6 /tmp/ccsa2aaV.ltrans0.ltrans.o
 *(.rodata*)
 .rodata.str1.1
                0x0000000000006fe6       0x4c /tmp/ccsa2aaV.ltrans0.ltrans.o
                                         0x4e (size before relaxing)
 *(.gnu.linkonce.r*)

.data           0x0000000000802800        0xa load address 0x0000000000003032
                0x0000000000802800                PROVIDE (__data_start, .)
 *(.data)
 .data          0x0000000000802800        0x4 /tmp/ccsa2aaV.ltrans0.ltrans.o
 .data          0x0000000000802804        0x6 /home/prithik/.arduino15/packages/arduino/tools/avr-gcc/7.3.0-atmel3.6.1-arduino5/bin/../lib/gcc/avr/7.3.0/../../../../avr/lib/avrxmega3/libc.a(malloc.o)
                0x0000000000802804                __malloc_heap_end
                0x0000000000802806                __malloc_heap_start
                0x0000000000802808                __malloc_margin
 *(.data*)
 *(.gnu.linkonce.d*)
                0x000000000080280a                . = ALIGN (0x2)
                0x000000000080280a                _edata = .
                0x000000000080280a                PROVIDE (__data_end, .)

.bss            0x000000000080280a      0x255
                0x000000000080280a                PROVIDE (__bss_start, .)
 *(.bss)
 .bss           0x000000000080280a      0x251 /tmp/ccsa2aaV.ltrans0.ltrans.o
 *(.bss*)
 *(COMMON)
 COMMON         0x0000000000802a5b        0x4 /home/prithik/.arduino15/packages/arduino/tools/avr-gcc/7.3.0-atmel3.6.1-arduino5/bin/../lib/gcc/avr/7.3.0/../../../../avr/lib/avrxmega3/libc.a(malloc.o)
                0x0000000000802a5b                __brkval
                0x0000000000802a5d                __flp
                0x0000000000802a5f                PROVIDE (__bss_end, .)
                0x0000000000003032                __data_load_start = LOADADDR (.data)
                0x000000000000303c                __data_load_end = (__data_load_start + SIZEOF (.data))

.noinit         0x0000000000802a5f        0x0
                [!provide]                        PROVIDE (__noinit_start, .)
 *(.noinit*)
                [!provide]                        PROVIDE (__noinit_end, .)
                0x0000000000802a5f                _end = .
                0x0000000000802a5f                PROVIDE (__heap_start, .)

.eeprom         0x0000000000810000        0x0
 *(.eeprom*)
                0x0000000000810000                __eeprom_end = .

.fuse
 *(.fuse)
 *(.lfuse)
 *(.hfuse)
 *(.efuse)

.lock
 *(.lock*)

.signature
 *(.signature*)

.user_signatures
 *(.user_signatures*)

.stab
 *(.stab)

.stabstr
 *(.stabstr)

.stab.excl
 *(.stab.excl)

.stab.exclstr
 *(.stab.exclstr)

.stab.index
 *(.stab.index)

.stab.indexstr
 *(.stab.indexstr)

.comment        0x0000000000000000       0x11
 *(.comment)
 .comment       0x0000000000000000       0x11 /tmp/ccsa2aaV.ltrans0.ltrans.o
                                         0x12 (size before relaxing)
 .comment       0x0000000000000011       0x12 /home/prithik/.arduino15/packages/arduino/tools/avr-gcc/7.3.0-atmel3.6.1-arduino5/bin/../lib/gcc/avr/7.3.0/../../../../avr/lib/avrxmega3/libc.a(malloc.o)

.note.gnu.avr.deviceinfo
                0x0000000000000000       0x40
 .note.gnu.avr.deviceinfo
                0x0000000000000000       0x40 /home/prithik/.arduino15/packages/arduino/tools/avr-gcc/7.3.0-atmel3.6.1-arduino5/bin/../lib/gcc/avr/7.3.0/../../../../avr/lib/avrxmega3/crtatmega4809.o

.note.gnu.build-id
 *(.note.gnu.build-id)

.debug
 *(.debug)

.line
 *(.line)

.debug_srcinfo
 *(.debug_srcinfo)

.debug_sfnames
 *(.debug_sfnames)

.debug_aranges  0x0000000000000000      0x1e8
 *(.debug_aranges)
 .debug_aranges
                0x0000000000000000       0x28 /tmp/ccsa2aaV.ltrans0.ltrans.o
 .debug_aranges
                0x0000000000000028       0x20 /home/prithik/.arduino15/packages/arduino/tools/avr-gcc/7.3.0-atmel3.6.1-arduino5/bin/../lib/gcc/avr/7.3.0/avrxmega3/libgcc.a(_exit.o)
 .debug_aranges
                0x0000000000000048       0x20 /home/prithik/.arduino15/packages/arduino/tools/avr-gcc/7.3.0-atmel3.6.1-arduino5/bin/../lib/gcc/avr/7.3.0/avrxmega3/libgcc.a(_udivmodhi4.o)
 .debug_aranges
                0x0000000000000068       0x20 /home/prithik/.arduino15/packages/arduino/tools/avr-gcc/7.3.0-atmel3.6.1-arduino5/bin/../lib/gcc/avr/7.3.0/avrxmega3/libgcc.a(_udivmodsi4.o)
 .debug_aranges
                0x0000000000000088       0x20 /home/prithik/.arduino15/packages/arduino/tools/avr-gcc/7.3.0-atmel3.6.1-arduino5/bin/../lib/gcc/avr/7.3.0/avrxmega3/libgcc.a(_divmodsi4.o)
 .debug_aranges
                0x00000000000000a8       0x20 /home/prithik/.arduino15/packages/arduino/tools/avr-gcc/7.3.0-atmel3.6.1-arduino5/bin/../lib/gcc/avr/7.3.0/avrxmega3/libgcc.a(_negsi2.o)
 .debug_aranges
                0x00000000000000c8       0x20 /home/prithik/.arduino15/packages/arduino/tools/avr-gcc/7.3.0-atmel3.6.1-arduino5/bin/../lib/gcc/avr/7.3.0/avrxmega3/libgcc.a(_copy_data.o)
 .debug_aranges
                0x00000000000000e8       0x20 /home/prithik/.arduino15/packages/arduino/tools/avr-gcc/7.3.0-atmel3.6.1-arduino5/bin/../lib/gcc/avr/7.3.0/avrxmega3/libgcc.a(_clear_bss.o)
 .debug_aranges
                0x0000000000000108       0x20 /home/prithik/.arduino15/packages/arduino/tools/avr-gcc/7.3.0-atmel3.6.1-arduino5/bin/../lib/gcc/avr/7.3.0/avrxmega3/libgcc.a(_ctors.o)
 .debug_aranges
                0x0000000000000128       0x20 /home/prithik/.arduino15/packages/arduino/tools/avr-gcc/7.3.0-atmel3.6.1-arduino5/bin/../lib/gcc/avr/7.3.0/avrxmega3/libgcc.a(_muluhisi3.o)
 .debug_aranges
                0x0000000000000148       0x20 /home/prithik/.arduino15/packages/arduino/tools/avr-gcc/7.3.0-atmel3.6.1-arduino5/bin/../lib/gcc/avr/7.3.0/avrxmega3/libgcc.a(_mulshisi3.o)
 .debug_aranges
                0x0000000000000168       0x20 /home/prithik/.arduino15/packages/arduino/tools/avr-gcc/7.3.0-atmel3.6.1-arduino5/bin/../lib/gcc/avr/7.3.0/avrxmega3/libgcc.a(_ashrdi3.o)
 .debug_aranges
                0x0000000000000188       0x20 /home/prithik/.arduino15/packages/arduino/tools/avr-gcc/7.3.0-atmel3.6.1-arduino5/bin/../lib/gcc/avr/7.3.0/avrxmega3/libgcc.a(_cmpdi2_s8.o)
 .debug_aranges
                0x00000000000001a8       0x20 /home/prithik/.arduino15/packages/arduino/tools/avr-gcc/7.3.0-atmel3.6.1-arduino5/bin/../lib/gcc/avr/7.3.0/avrxmega3/libgcc.a(_tablejump2.o)
 .debug_aranges
                0x00000000000001c8       0x20 /home/prithik/.arduino15/packages/arduino/tools/avr-gcc/7.3.0-atmel3.6.1-arduino5/bin/../lib/gcc/avr/7.3.0/avrxmega3/libgcc.a(_umulhisi3.o)

.debug_pubnames
 *(.debug_pubnames)

.debug_info     0x0000000000000000     0x9a82
 *(.debug_info .gnu.linkonce.wi.*)
 .debug_info    0x0000000000000000     0x249d /home/prithik/.arduino15/packages/arduino/tools/avr-gcc/7.3.0-atmel3.6.1-arduino5/bin/../lib/gcc/avr/7.3.0/../../../../avr/lib/avrxmega3/crtatmega4809.o
 .debug_info    0x000000000000249d     0x6c45 /tmp/ccsa2aaV.ltrans0.ltrans.o
 .debug_info    0x00000000000090e2       0xb0 /home/prithik/.arduino15/packages/arduino/tools/avr-gcc/7.3.0-atmel3.6.1-arduino5/bin/../lib/gcc/avr/7.3.0/avrxmega3/libgcc.a(_exit.o)
 .debug_info    0x0000000000009192       0xb0 /home/prithik/.arduino15/packages/arduino/tools/avr-gcc/7.3.0-atmel3.6.1-arduino5/bin/../lib/gcc/avr/7.3.0/avrxmega3/libgcc.a(_udivmodhi4.o)
 .debug_info    0x0000000000009242       0xb0 /home/prithik/.arduino15/packages/arduino/tools/avr-gcc/7.3.0-atmel3.6.1-arduino5/bin/../lib/gcc/avr/7.3.0/avrxmega3/libgcc.a(_udivmodsi4.o)
 .debug_info    0x00000000000092f2       0xb0 /home/prithik/.arduino15/packages/arduino/tools/avr-gcc/7.3.0-atmel3.6.1-arduino5/bin/../lib/gcc/avr/7.3.0/avrxmega3/libgcc.a(_divmodsi4.o)
 .debug_info    0x00000000000093a2       0xb0 /home/prithik/.arduino15/packages/arduino/tools/avr-gcc/7.3.0-atmel3.6.1-arduino5/bin/../lib/gcc/avr/7.3.0/avrxmega3/libgcc.a(_negsi2.o)
 .debug_info    0x0000000000009452       0xb0 /home/prithik/.arduino15/packages/arduino/tools/avr-gcc/7.3.0-atmel3.6.1-arduino5/bin/../lib/gcc/avr/7.3.0/avrxmega3/libgcc.a(_copy_data.o)
 .debug_info    0x0000000000009502       0xb0 /home/prithik/.arduino15/packages/arduino/tools/avr-gcc/7.3.0-atmel3.6.1-arduino5/bin/../lib/gcc/avr/7.3.0/avrxmega3/libgcc.a(_clear_bss.o)
 .debug_info    0x00000000000095b2       0xb0 /home/prithik/.arduino15/packages/arduino/tools/avr-gcc/7.3.0-atmel3.6.1-arduino5/bin/../lib/gcc/avr/7.3.0/avrxmega3/libgcc.a(_ctors.o)
 .debug_info    0x0000000000009662       0xb0 /home/prithik/.arduino15/packages/arduino/tools/avr-gcc/7.3.0-atmel3.6.1-arduino5/bin/../lib/gcc/avr/7.3.0/avrxmega3/libgcc.a(_muluhisi3.o)
 .debug_info    0x0000000000009712       0xb0 /home/prithik/.arduino15/packages/arduino/tools/avr-gcc/7.3.0-atmel3.6.1-arduino5/bin/../lib/gcc/avr/7.3.0/avrxmega3/libgcc.a(_mulshisi3.o)
 .debug_info    0x00000000000097c2       0xb0 /home/prithik/.arduino15/packages/arduino/tools/avr-gcc/7.3.0-atmel3.6.1-arduino5/bin/../lib/gcc/avr/7.3.0/avrxmega3/libgcc.a(_ashrdi3.o)
 .debug_info    0x0000000000009872       0xb0 /home/prithik/.arduino15/packages/arduino/tools/avr-gcc/7.3.0-atmel3.6.1-arduino5/bin/../lib/gcc/avr/7.3.0/avrxmega3/libgcc.a(_cmpdi2_s8.o)
 .debug_info    0x0000000000009922       0xb0 /home/prithik/.arduino15/packages/arduino/tools/avr-gcc/7.3.0-atmel3.6.1-arduino5/bin/../lib/gcc/avr/7.3.0/avrxmega3/libgcc.a(_tablejump2.o)
 .debug_info    0x00000000000099d2       0xb0 /home/prithik/.arduino15/packages/arduino/tools/avr-gcc/7.3.0-atmel3.6.1-arduino5/bin/../lib/gcc/avr/7.3.0/avrxmega3/libgcc.a(_umulhisi3.o)

.debug_abbrev   0x0000000000000000     0x2f1f
 *(.debug_abbrev)
 .debug_abbrev  0x0000000000000000     0x22a8 /home/prithik/.arduino15/packages/arduino/tools/avr-gcc/7.3.0-atmel3.6.1-arduino5/bin/../lib/gcc/avr/7.3.0/../../../../avr/lib/avrxmega3/crtatmega4809.o
 .debug_abbrev  0x00000000000022a8      0xb5f /tmp/ccsa2aaV.ltrans0.ltrans.o
 .debug_abbrev  0x0000000000002e07       0x14 /home/prithik/.arduino15/packages/arduino/tools/avr-gcc/7.3.0-atmel3.6.1-arduino5/bin/../lib/gcc/avr/7.3.0/avrxmega3/libgcc.a(_exit.o)
 .debug_abbrev  0x0000000000002e1b       0x14 /home/prithik/.arduino15/packages/arduino/tools/avr-gcc/7.3.0-atmel3.6.1-arduino5/bin/../lib/gcc/avr/7.3.0/avrxmega3/libgcc.a(_udivmodhi4.o)
 .debug_abbrev  0x0000000000002e2f       0x14 /home/prithik/.arduino15/packages/arduino/tools/avr-gcc/7.3.0-atmel3.6.1-arduino5/bin/../lib/gcc/avr/7.3.0/avrxmega3/libgcc.a(_udivmodsi4.o)
 .debug_abbrev  0x0000000000002e43       0x14 /home/prithik/.arduino15/packages/arduino/tools/avr-gcc/7.3.0-atmel3.6.1-arduino5/bin/../lib/gcc/avr/7.3.0/avrxmega3/libgcc.a(_divmodsi4.o)
 .debug_abbrev  0x0000000000002e57       0x14 /home/prithik/.arduino15/packages/arduino/tools/avr-gcc/7.3.0-atmel3.6.1-arduino5/bin/../lib/gcc/avr/7.3.0/avrxmega3/libgcc.a(_negsi2.o)
 .debug_abbrev  0x0000000000002e6b       0x14 /home/prithik/.arduino15/packages/arduino/tools/avr-gcc/7.3.0-atmel3.6.1-arduino5/bin/../lib/gcc/avr/7.3.0/avrxmega3/libgcc.a(_copy_data.o)
 .debug_abbrev  0x0000000000002e7f       0x14 /home/prithik/.arduino15/packages/arduino/tools/avr-gcc/7.3.0-atmel3.6.1-arduino5/bin/../lib/gcc/avr/7.3.0/avrxmega3/libgcc.a(_clear_bss.o)
 .debug_abbrev  0x0000000000002e93       0x14 /home/prithik/.arduino15/packages/arduino/tools/avr-gcc/7.3.0-atmel3.6.1-arduino5/bin/../lib/gcc/avr/7.3.0/avrxmega3/libgcc.a(_ctors.o)
 .debug_abbrev  0x0000000000002ea7       0x14 /home/prithik/.arduino15/packages/arduino/tools/avr-gcc/7.3.0-atmel3.6.1-arduino5/bin/../lib/gcc/avr/7.3.0/avrxmega3/libgcc.a(_muluhisi3.o)
 .debug_abbrev  0x0000000000002ebb       0x14 /home/prithik/.arduino15/packages/arduino/tools/avr-gcc/7.3.0-atmel3.6.1-arduino5/bin/../lib/gcc/avr/7.3.0/avrxmega3/libgcc.a(_mulshisi3.o)
 .debug_abbrev  0x0000000000002ecf       0x14 /home/prithik/.arduino15/packages/arduino/tools/avr-gcc/7.3.0-atmel3.6.1-arduino5/bin/../lib/gcc/avr/7.3.0/avrxmega3/libgcc.a(_ashrdi3.o)
 .debug_abbrev  0x0000000000002ee3       0x14 /home/prithik/.arduino15/packages/arduino/tools/avr-gcc/7.3.0-atmel3.6.1-arduino5/bin/../lib/gcc/avr/7.3.0/avrxmega3/libgcc.a(_cmpdi2_s8.o)
 .debug_abbrev  0x0000000000002ef7       0x14 /home/prithik/.arduino15/packages/arduino/tools/avr-gcc/7.3.0-atmel3.6.1-arduino5/bin/../lib/gcc/avr/7.3.0/avrxmega3/libgcc.a(_tablejump2.o)
 .debug_abbrev  0x0000000000002f0b       0x14 /home/prithik/.arduino15/packages/arduino/tools/avr-gcc/7.3.0-atmel3.6.1-arduino5/bin/../lib/gcc/avr/7.3.0/avrxmega3/libgcc.a(_umulhisi3.o)

.debug_line     0x0000000000000000     0x23bf
 *(.debug_line .debug_line.* .debug_line_end)
 .debug_line    0x0000000000000000      0x187 /home/prithik/.arduino15/packages/arduino/tools/avr-gcc/7.3.0-atmel3.6.1-arduino5/bin/../lib/gcc/avr/7.3.0/../../../../avr/lib/avrxmega3/crtatmega4809.o
 .debug_line    0x0000000000000187     0x1952 /tmp/ccsa2aaV.ltrans0.ltrans.o
 .debug_line    0x0000000000001ad9       0x62 /home/prithik/.arduino15/packages/arduino/tools/avr-gcc/7.3.0-atmel3.6.1-arduino5/bin/../lib/gcc/avr/7.3.0/avrxmega3/libgcc.a(_exit.o)
 .debug_line    0x0000000000001b3b       0xce /home/prithik/.arduino15/packages/arduino/tools/avr-gcc/7.3.0-atmel3.6.1-arduino5/bin/../lib/gcc/avr/7.3.0/avrxmega3/libgcc.a(_udivmodhi4.o)
 .debug_line    0x0000000000001c09      0x122 /home/prithik/.arduino15/packages/arduino/tools/avr-gcc/7.3.0-atmel3.6.1-arduino5/bin/../lib/gcc/avr/7.3.0/avrxmega3/libgcc.a(_udivmodsi4.o)
 .debug_line    0x0000000000001d2b       0xce /home/prithik/.arduino15/packages/arduino/tools/avr-gcc/7.3.0-atmel3.6.1-arduino5/bin/../lib/gcc/avr/7.3.0/avrxmega3/libgcc.a(_divmodsi4.o)
 .debug_line    0x0000000000001df9       0x62 /home/prithik/.arduino15/packages/arduino/tools/avr-gcc/7.3.0-atmel3.6.1-arduino5/bin/../lib/gcc/avr/7.3.0/avrxmega3/libgcc.a(_negsi2.o)
 .debug_line    0x0000000000001e5b       0x98 /home/prithik/.arduino15/packages/arduino/tools/avr-gcc/7.3.0-atmel3.6.1-arduino5/bin/../lib/gcc/avr/7.3.0/avrxmega3/libgcc.a(_copy_data.o)
 .debug_line    0x0000000000001ef3       0x86 /home/prithik/.arduino15/packages/arduino/tools/avr-gcc/7.3.0-atmel3.6.1-arduino5/bin/../lib/gcc/avr/7.3.0/avrxmega3/libgcc.a(_clear_bss.o)
 .debug_line    0x0000000000001f79       0x92 /home/prithik/.arduino15/packages/arduino/tools/avr-gcc/7.3.0-atmel3.6.1-arduino5/bin/../lib/gcc/avr/7.3.0/avrxmega3/libgcc.a(_ctors.o)
 .debug_line    0x000000000000200b       0x92 /home/prithik/.arduino15/packages/arduino/tools/avr-gcc/7.3.0-atmel3.6.1-arduino5/bin/../lib/gcc/avr/7.3.0/avrxmega3/libgcc.a(_muluhisi3.o)
 .debug_line    0x000000000000209d       0x7a /home/prithik/.arduino15/packages/arduino/tools/avr-gcc/7.3.0-atmel3.6.1-arduino5/bin/../lib/gcc/avr/7.3.0/avrxmega3/libgcc.a(_mulshisi3.o)
 .debug_line    0x0000000000002117      0x104 /home/prithik/.arduino15/packages/arduino/tools/avr-gcc/7.3.0-atmel3.6.1-arduino5/bin/../lib/gcc/avr/7.3.0/avrxmega3/libgcc.a(_ashrdi3.o)
 .debug_line    0x000000000000221b       0x7a /home/prithik/.arduino15/packages/arduino/tools/avr-gcc/7.3.0-atmel3.6.1-arduino5/bin/../lib/gcc/avr/7.3.0/avrxmega3/libgcc.a(_cmpdi2_s8.o)
 .debug_line    0x0000000000002295       0x7a /home/prithik/.arduino15/packages/arduino/tools/avr-gcc/7.3.0-atmel3.6.1-arduino5/bin/../lib/gcc/avr/7.3.0/avrxmega3/libgcc.a(_tablejump2.o)
 .debug_line    0x000000000000230f       0xb0 /home/prithik/.arduino15/packages/arduino/tools/avr-gcc/7.3.0-atmel3.6.1-arduino5/bin/../lib/gcc/avr/7.3.0/avrxmega3/libgcc.a(_umulhisi3.o)

.debug_frame    0x0000000000000000      0x9ac
 *(.debug_frame)
 .debug_frame   0x0000000000000000      0x9ac /tmp/ccsa2aaV.ltrans0.ltrans.o

.debug_str      0x0000000000000000     0x2cf4
 *(.debug_str)
 .debug_str     0x0000000000000000      0xf8b /home/prithik/.arduino15/packages/arduino/tools/avr-gcc/7.3.0-atmel3.6.1-arduino5/bin/../lib/gcc/avr/7.3.0/../../../../avr/lib/avrxmega3/crtatmega4809.o
 .debug_str     0x0000000000000f8b     0x1d69 /tmp/ccsa2aaV.ltrans0.ltrans.o
                                       0x1f43 (size before relaxing)

.debug_loc      0x0000000000000000     0x375c
 *(.debug_loc)
 .debug_loc     0x0000000000000000     0x375c /tmp/ccsa2aaV.ltrans0.ltrans.o

.debug_macinfo
 *(.debug_macinfo)

.debug_weaknames
 *(.debug_weaknames)

.debug_funcnames
 *(.debug_funcnames)

.debug_typenames
 *(.debug_typenames)

.debug_varnames
 *(.debug_varnames)

.debug_pubtypes
 *(.debug_pubtypes)

.debug_ranges   0x0000000000000000      0x378
 *(.debug_ranges)
 .debug_ranges  0x0000000000000000      0x378 /tmp/ccsa2aaV.ltrans0.ltrans.o

.debug_macro
 *(.debug_macro)
OUTPUT(/home/prithik/.cache/arduino/sketches/61BF63421D1AED00C24CD66244203F90/arduino.ino.elf elf32-avr)
LOAD linker stubs
